// Jest Snapshot v1, https://goo.gl/fbAQLP

exports[`PopupTable 1`] = `
<div
  className="PopupMenu_PopupMenu__8TfA4"
>
  <div
    className="PopupMenu_button__20m_Y"
    onMouseOut={[Function]}
    onMouseOver={[Function]}
  />
  <div
    className="PopupMenu_popover__3hd_Z"
    onMouseOut={[Function]}
    onMouseOver={[Function]}
    style={
      Object {
        "height": "auto",
        "left": "calc(-100px + 50%)",
        "visibility": "hidden",
        "width": "calc(200px - 10px)",
      }
    }
  >
    <div
      style={
        Object {
          "padding": "3px 7px",
        }
      }
    >
      <span>
        Test
      </span>
    </div>
  </div>
</div>
`;
